============================= test session starts =============================
platform win32 -- Python 3.13.7, pytest-9.0.2, pluggy-1.6.0
rootdir: C:\Users\russe\iowacenterhubspoke
plugins: anyio-4.12.1, asyncio-1.3.0
asyncio: mode=Mode.STRICT, debug=False, asyncio_default_fixture_loop_scope=None, asyncio_default_test_loop_scope=function
collected 11 items / 3 errors

=================================== ERRORS ====================================
_____________ ERROR collecting backend/tests/test_class_series.py _____________
backend\tests\test_class_series.py:14: in <module>
    TEST_PASSWORD = os.environ['TEST_PASSWORD']
                    ^^^^^^^^^^^^^^^^^^^^^^^^^^^
<frozen os>:717: in __getitem__
    ???
E   KeyError: 'TEST_PASSWORD'
_________ ERROR collecting backend/tests/test_recurrence_features.py __________
backend\tests\test_recurrence_features.py:15: in <module>
    TEST_PASSWORD = os.environ['TEST_PASSWORD']
                    ^^^^^^^^^^^^^^^^^^^^^^^^^^^
<frozen os>:717: in __getitem__
    ???
E   KeyError: 'TEST_PASSWORD'
___________ ERROR collecting backend/tests/test_workload_errors.py ____________
backend\tests\test_workload_errors.py:8: in <module>
    TEST_PASSWORD = os.environ['TEST_PASSWORD']
                    ^^^^^^^^^^^^^^^^^^^^^^^^^^^
<frozen os>:717: in __getitem__
    ???
E   KeyError: 'TEST_PASSWORD'
============================== warnings summary ===============================
..\AppData\Local\Programs\Python\Python313\Lib\site-packages\starlette\formparsers.py:12
  C:\Users\russe\AppData\Local\Programs\Python\Python313\Lib\site-packages\starlette\formparsers.py:12: PendingDeprecationWarning: Please use `import python_multipart` instead.
    import multipart

backend\server.py:99
  C:\Users\russe\iowacenterhubspoke\backend\server.py:99: DeprecationWarning: 
          on_event is deprecated, use lifespan event handlers instead.
  
          Read more about it in the
          [FastAPI docs for Lifespan Events](https://fastapi.tiangolo.com/advanced/events/).
          
    @app.on_event("startup")

..\AppData\Local\Programs\Python\Python313\Lib\site-packages\fastapi\applications.py:4495
..\AppData\Local\Programs\Python\Python313\Lib\site-packages\fastapi\applications.py:4495
  C:\Users\russe\AppData\Local\Programs\Python\Python313\Lib\site-packages\fastapi\applications.py:4495: DeprecationWarning: 
          on_event is deprecated, use lifespan event handlers instead.
  
          Read more about it in the
          [FastAPI docs for Lifespan Events](https://fastapi.tiangolo.com/advanced/events/).
          
    return self.router.on_event(event_type)

backend\server.py:149
  C:\Users\russe\iowacenterhubspoke\backend\server.py:149: DeprecationWarning: 
          on_event is deprecated, use lifespan event handlers instead.
  
          Read more about it in the
          [FastAPI docs for Lifespan Events](https://fastapi.tiangolo.com/advanced/events/).
          
    @app.on_event("shutdown")

-- Docs: https://docs.pytest.org/en/stable/how-to/capture-warnings.html
=========================== short test summary info ===========================
ERROR backend/tests/test_class_series.py - KeyError: 'TEST_PASSWORD'
ERROR backend/tests/test_recurrence_features.py - KeyError: 'TEST_PASSWORD'
ERROR backend/tests/test_workload_errors.py - KeyError: 'TEST_PASSWORD'
!!!!!!!!!!!!!!!!!!! Interrupted: 3 errors during collection !!!!!!!!!!!!!!!!!!!
======================== 5 warnings, 3 errors in 2.53s ========================
